warning: The selected output language "polish" has not been updated
since release 1.8.2.  As a result some sentences may appear in English.

/home/starmarek/Desktop/Robot-z5-master/lacze_do_gnuplota.cpp:150: warning: Member ROZ_LINII (macro definition) of file lacze_do_gnuplota.cpp is not documented.
/home/starmarek/Desktop/Robot-z5-master/lacze_do_gnuplota.cpp:28: warning: Member STDIN (macro definition) of file lacze_do_gnuplota.cpp is not documented.
/home/starmarek/Desktop/Robot-z5-master/lacze_do_gnuplota.cpp:29: warning: Member STDOUT (macro definition) of file lacze_do_gnuplota.cpp is not documented.
/home/starmarek/Desktop/Robot-z5-master/lacze_do_gnuplota.cpp:88: warning: Member CzyJestPlik(char const *NazwaPliku) (function) of namespace PzG is not documented.
/home/starmarek/Desktop/Robot-z5-master/main.cpp:10: warning: Member main() (function) of file main.cpp is not documented.
/home/starmarek/Desktop/Robot-z5-master/ObiektGraficzny.hh:57: warning: The following parameters of ObiektGraficzny::ZapiszDoPliku(const char *sNazwaPliku) const are not documented:
  parameter 'sNazwaPliku'
/home/starmarek/Desktop/Robot-z5-master/ObiektGraficzny.hh:62: warning: The following parameters of ObiektGraficzny::ZapiszDoStrumienia(std::ostream &StrmWy) const are not documented:
  parameter 'StrmWy'
/home/starmarek/Desktop/Robot-z5-master/ZbiorWierzcholkow.cpp:12: warning: argument 'b' of command @param is not found in the argument list of ZbiorWierzcholkow::DodajWierzcholek(double a, double c)
/home/starmarek/Desktop/Robot-z5-master/ZbiorWierzcholkow.hh:29: warning: The following parameters of ZbiorWierzcholkow::DodajWierzcholek(double a, double c) are not documented:
  parameter 'c'
/home/starmarek/Desktop/Robot-z5-master/lacze_do_gnuplota.cpp:88: warning: Member CzyJestPlik(char const *NazwaPliku) (function) of namespace PzG is not documented.
/home/starmarek/Desktop/Robot-z5-master/lacze_do_gnuplota.cpp:302: warning: unable to resolve link to `LaczeDoGNUPlota::DodajNazwe' for \link command
/home/starmarek/Desktop/Robot-z5-master/lacze_do_gnuplota.hh:726: warning: unable to resolve link to `LaczeDoGNUPlota::DodajNazwe' for \link command
sh: 1: dot: not found
sh: 1: dot: not found
sh: 1: dot: not found
error: Problems running dot: exit code=127, command='dot', arguments='"/home/starmarek/Desktop/Robot-z5-master/html/lacze__do__gnuplota_8hh__dep__incl.dot" -Tpng -o "/home/starmarek/Desktop/Robot-z5-master/html/lacze__do__gnuplota_8hh__dep__incl.png"'
error: Problems running dot: exit code=127, command='dot', arguments='"/home/starmarek/Desktop/Robot-z5-master/html/lacze__do__gnuplota_8cpp__incl.dot" -Tpng -o "/home/starmarek/Desktop/Robot-z5-master/html/lacze__do__gnuplota_8cpp__incl.png"'
sh: 1: dot: not found
error: Problems running dot: exit code=127, command='dot', arguments='"/home/starmarek/Desktop/Robot-z5-master/html/lacze__do__gnuplota_8hh__incl.dot" -Tpng -o "/home/starmarek/Desktop/Robot-z5-master/html/lacze__do__gnuplota_8hh__incl.png"'
error: Problems running dot: exit code=127, command='dot', arguments='"/home/starmarek/Desktop/Robot-z5-master/html/main_8cpp__incl.dot" -Tpng -o "/home/starmarek/Desktop/Robot-z5-master/html/main_8cpp__incl.png"'
sh: 1: dot: not found
error: Problems running dot: exit code=127, command='dot', arguments='"/home/starmarek/Desktop/Robot-z5-master/html/ObiektGraficzny_8hh__dep__incl.dot" -Tpng -o "/home/starmarek/Desktop/Robot-z5-master/html/ObiektGraficzny_8hh__dep__incl.png"'
sh: 1: dot: not found
sh: 1: dot: not found
error: Problems running dot: exit code=127, command='dot', arguments='"/home/starmarek/Desktop/Robot-z5-master/html/Robot_8cpp__incl.dot" -Tpng -o "/home/starmarek/Desktop/Robot-z5-master/html/Robot_8cpp__incl.png"'
error: Problems running dot: exit code=127, command='dot', arguments='"/home/starmarek/Desktop/Robot-z5-master/html/ObiektGraficzny_8hh__incl.dot" -Tpng -o "/home/starmarek/Desktop/Robot-z5-master/html/ObiektGraficzny_8hh__incl.png"'
sh: 1: dot: not found
sh: 1: dot: not found
error: Problems running dot: exit code=127, command='dot', arguments='"/home/starmarek/Desktop/Robot-z5-master/html/ObiektGraficzny_8cpp__incl.dot" -Tpng -o "/home/starmarek/Desktop/Robot-z5-master/html/ObiektGraficzny_8cpp__incl.png"'
error: Problems running dot: exit code=127, command='dot', arguments='"/home/starmarek/Desktop/Robot-z5-master/html/Robot_8hh__incl.dot" -Tpng -o "/home/starmarek/Desktop/Robot-z5-master/html/Robot_8hh__incl.png"'
sh: 1: dot: not found
sh: 1: dot: not found
error: Problems running dot: exit code=127, command='dot', arguments='"/home/starmarek/Desktop/Robot-z5-master/html/Robot_8hh__dep__incl.dot" -Tpng -o "/home/starmarek/Desktop/Robot-z5-master/html/Robot_8hh__dep__incl.png"'
error: Problems running dot: exit code=127, command='dot', arguments='"/home/starmarek/Desktop/Robot-z5-master/html/Scena_8hh__incl.dot" -Tpng -o "/home/starmarek/Desktop/Robot-z5-master/html/Scena_8hh__incl.png"'
sh: 1: dot: not found
sh: 1: dot: not found
error: Problems running dot: exit code=127, command='dot', arguments='"/home/starmarek/Desktop/Robot-z5-master/html/Scena_8cpp__incl.dot" -Tpng -o "/home/starmarek/Desktop/Robot-z5-master/html/Scena_8cpp__incl.png"'
sh: 1: dot: not found
error: Problems running dot: exit code=127, command='dot', arguments='"/home/starmarek/Desktop/Robot-z5-master/html/Scena_8hh__dep__incl.dot" -Tpng -o "/home/starmarek/Desktop/Robot-z5-master/html/Scena_8hh__dep__incl.png"'
error: Problems running dot: exit code=127, command='dot', arguments='"/home/starmarek/Desktop/Robot-z5-master/html/Sciezka_8hh__dep__incl.dot" -Tpng -o "/home/starmarek/Desktop/Robot-z5-master/html/Sciezka_8hh__dep__incl.png"'
sh: 1: dot: not found
sh: 1: dot: not found
error: Problems running dot: exit code=127, command='dot', arguments='"/home/starmarek/Desktop/Robot-z5-master/html/SWektor_8hh__dep__incl.dot" -Tpng -o "/home/starmarek/Desktop/Robot-z5-master/html/SWektor_8hh__dep__incl.png"'
sh: 1: dot: not found
error: Problems running dot: exit code=127, command='dot', arguments='"/home/starmarek/Desktop/Robot-z5-master/html/Sciezka_8hh__incl.dot" -Tpng -o "/home/starmarek/Desktop/Robot-z5-master/html/Sciezka_8hh__incl.png"'
sh: 1: dot: not found
sh: 1: dot: not found
error: Problems running dot: exit code=127, command='dot', arguments='"/home/starmarek/Desktop/Robot-z5-master/html/Wektor2D_8hh__dep__incl.dot" -Tpng -o "/home/starmarek/Desktop/Robot-z5-master/html/Wektor2D_8hh__dep__incl.png"'
error: Problems running dot: exit code=127, command='dot', arguments='"/home/starmarek/Desktop/Robot-z5-master/html/SWektor_8hh__incl.dot" -Tpng -o "/home/starmarek/Desktop/Robot-z5-master/html/SWektor_8hh__incl.png"'
error: Problems running dot: exit code=127, command='dot', arguments='"/home/starmarek/Desktop/Robot-z5-master/html/ZbiorWierzcholkow_8hh__dep__incl.dot" -Tpng -o "/home/starmarek/Desktop/Robot-z5-master/html/ZbiorWierzcholkow_8hh__dep__incl.png"'
sh: 1: dot: not found
sh: 1: dot: not found
error: Problems running dot: exit code=127, command='dot', arguments='"/home/starmarek/Desktop/Robot-z5-master/html/Wektor2D_8hh__incl.dot" -Tpng -o "/home/starmarek/Desktop/Robot-z5-master/html/Wektor2D_8hh__incl.png"'
error: Problems running dot: exit code=127, command='dot', arguments='"/home/starmarek/Desktop/Robot-z5-master/html/Sciezka_8cpp__incl.dot" -Tpng -o "/home/starmarek/Desktop/Robot-z5-master/html/Sciezka_8cpp__incl.png"'
sh: 1: dot: not found
error: Problems running dot: exit code=127, command='dot', arguments='"/home/starmarek/Desktop/Robot-z5-master/html/classObiektGraficzny__coll__graph.dot" -Tpng -o "/home/starmarek/Desktop/Robot-z5-master/html/classObiektGraficzny__coll__graph.png"'
sh: 1: dot: not found
error: Problems running dot: exit code=127, command='dot', arguments='"/home/starmarek/Desktop/Robot-z5-master/html/ZbiorWierzcholkow_8hh__incl.dot" -Tpng -o "/home/starmarek/Desktop/Robot-z5-master/html/ZbiorWierzcholkow_8hh__incl.png"'
sh: 1: dot: not found
sh: 1: dot: not found
error: Problems running dot: exit code=127, command='dot', arguments='"/home/starmarek/Desktop/Robot-z5-master/html/classRobot__coll__graph.dot" -Tpng -o "/home/starmarek/Desktop/Robot-z5-master/html/classRobot__coll__graph.png"'
error: Problems running dot: exit code=127, command='dot', arguments='"/home/starmarek/Desktop/Robot-z5-master/html/ZbiorWierzcholkow_8cpp__incl.dot" -Tpng -o "/home/starmarek/Desktop/Robot-z5-master/html/ZbiorWierzcholkow_8cpp__incl.png"'
sh: 1: dot: not found
sh: 1: dot: not found
sh: 1: dot: not found
error: Problems running dot: exit code=127, command='dot', arguments='"/home/starmarek/Desktop/Robot-z5-master/html/classObiektGraficzny__inherit__graph.dot" -Tpng -o "/home/starmarek/Desktop/Robot-z5-master/html/classObiektGraficzny__inherit__graph.png"'
error: Problems running dot: exit code=127, command='dot', arguments='"/home/starmarek/Desktop/Robot-z5-master/html/classRobot__inherit__graph.dot" -Tpng -o "/home/starmarek/Desktop/Robot-z5-master/html/classRobot__inherit__graph.png"'
sh: 1: dot: not found
error: Problems running dot: exit code=127, command='dot', arguments='"/home/starmarek/Desktop/Robot-z5-master/html/classRobot_a8a16f8744aa8d38dfe88216633ec0a90_cgraph.dot" -Tpng -o "/home/starmarek/Desktop/Robot-z5-master/html/classRobot_a8a16f8744aa8d38dfe88216633ec0a90_cgraph.png"'
error: Problems running dot: exit code=127, command='dot', arguments='"/home/starmarek/Desktop/Robot-z5-master/html/classScena__coll__graph.dot" -Tpng -o "/home/starmarek/Desktop/Robot-z5-master/html/classScena__coll__graph.png"'
sh: 1: dot: not found
sh: 1: dot: not found
sh: 1: dot: not found
error: Problems running dot: exit code=127, command='dot', arguments='"/home/starmarek/Desktop/Robot-z5-master/html/classScena_a4b8ace65b32937b21e4ca7837b70d7b9_cgraph.dot" -Tpng -o "/home/starmarek/Desktop/Robot-z5-master/html/classScena_a4b8ace65b32937b21e4ca7837b70d7b9_cgraph.png"'
sh: 1: dot: not found
error: Problems running dot: exit code=127, command='dot', arguments='"/home/starmarek/Desktop/Robot-z5-master/html/classScena_ab4c786d9def8a483b9873c27b5bd7f13_cgraph.dot" -Tpng -o "/home/starmarek/Desktop/Robot-z5-master/html/classScena_ab4c786d9def8a483b9873c27b5bd7f13_cgraph.png"'
error: Problems running dot: exit code=127, command='dot', arguments='"/home/starmarek/Desktop/Robot-z5-master/html/classSciezka__inherit__graph.dot" -Tpng -o "/home/starmarek/Desktop/Robot-z5-master/html/classSciezka__inherit__graph.png"'
sh: 1: dot: not found
error: Problems running dot: exit code=127, command='dot', arguments='"/home/starmarek/Desktop/Robot-z5-master/html/classSciezka__coll__graph.dot" -Tpng -o "/home/starmarek/Desktop/Robot-z5-master/html/classSciezka__coll__graph.png"'
error: Problems running dot: exit code=127, command='dot', arguments='"/home/starmarek/Desktop/Robot-z5-master/html/classSciezka_a1bd5d92a611df435746d48568b8c11e1_cgraph.dot" -Tpng -o "/home/starmarek/Desktop/Robot-z5-master/html/classSciezka_a1bd5d92a611df435746d48568b8c11e1_cgraph.png"'
sh: 1: dot: not found
error: Problems running dot: exit code=127, command='dot', arguments='"/home/starmarek/Desktop/Robot-z5-master/html/classSWektor__inherit__graph.dot" -Tpng -o "/home/starmarek/Desktop/Robot-z5-master/html/classSWektor__inherit__graph.png"'
sh: 1: dot: not found
error: Problems running dot: exit code=127, command='dot', arguments='"/home/starmarek/Desktop/Robot-z5-master/html/classRobot_a5fee7a53e5228e5abf0fdb399d36ff6c_cgraph.dot" -Tpng -o "/home/starmarek/Desktop/Robot-z5-master/html/classRobot_a5fee7a53e5228e5abf0fdb399d36ff6c_cgraph.png"'
sh: 1: dot: not found
sh: 1: dot: not found
error: Problems running dot: exit code=127, command='dot', arguments='"/home/starmarek/Desktop/Robot-z5-master/html/classZbiorWierzcholkow__inherit__graph.dot" -Tpng -o "/home/starmarek/Desktop/Robot-z5-master/html/classZbiorWierzcholkow__inherit__graph.png"'
sh: 1: dot: not found
error: Problems running dot: exit code=127, command='dot', arguments='"/home/starmarek/Desktop/Robot-z5-master/html/graph_legend.dot" -Tpng -o "/home/starmarek/Desktop/Robot-z5-master/html/graph_legend.png"'
error: Problems running dot: exit code=127, command='dot', arguments='"/home/starmarek/Desktop/Robot-z5-master/html/classSWektor__coll__graph.dot" -Tpng -o "/home/starmarek/Desktop/Robot-z5-master/html/classSWektor__coll__graph.png"'
sh: 1: dot: not found
sh: 1: dot: not found
error: Problems running dot: exit code=127, command='dot', arguments='"/home/starmarek/Desktop/Robot-z5-master/html/classZbiorWierzcholkow__coll__graph.dot" -Tpng -o "/home/starmarek/Desktop/Robot-z5-master/html/classZbiorWierzcholkow__coll__graph.png"'
sh: 1: dot: not found
error: Problems running dot: exit code=127, command='dot', arguments='"/home/starmarek/Desktop/Robot-z5-master/html/inherit_graph_1.dot" -Tpng -o "/home/starmarek/Desktop/Robot-z5-master/html/inherit_graph_1.png"'
sh: 1: dot: not found
error: Problems running dot: exit code=127, command='dot', arguments='"/home/starmarek/Desktop/Robot-z5-master/html/classSciezka_a95e9a0c51da72e4bd4edcca9f9ea7de4_cgraph.dot" -Tpng -o "/home/starmarek/Desktop/Robot-z5-master/html/classSciezka_a95e9a0c51da72e4bd4edcca9f9ea7de4_cgraph.png"'
sh: 1: dot: not found
error: Problems running dot: exit code=127, command='dot', arguments='"/home/starmarek/Desktop/Robot-z5-master/html/inherit_graph_2.dot" -Tpng -o "/home/starmarek/Desktop/Robot-z5-master/html/inherit_graph_2.png"'
sh: 1: dot: not found
sh: 1: dot: not found
error: Problems running dot: exit code=127, command='dot', arguments='"/home/starmarek/Desktop/Robot-z5-master/html/inherit_graph_4.dot" -Tpng -o "/home/starmarek/Desktop/Robot-z5-master/html/inherit_graph_4.png"'
error: Problems running dot: exit code=127, command='dot', arguments='"/home/starmarek/Desktop/Robot-z5-master/html/classRobot_a97732ffbe82011996c67efb27cb08402_cgraph.dot" -Tpng -o "/home/starmarek/Desktop/Robot-z5-master/html/classRobot_a97732ffbe82011996c67efb27cb08402_cgraph.png"'
error: Problems running dot: exit code=127, command='dot', arguments='"/home/starmarek/Desktop/Robot-z5-master/html/inherit_graph_5.dot" -Tpng -o "/home/starmarek/Desktop/Robot-z5-master/html/inherit_graph_5.png"'
sh: 1: dot: not found
error: Problems running dot: exit code=127, command='dot', arguments='"/home/starmarek/Desktop/Robot-z5-master/html/inherit_graph_0.dot" -Tpng -o "/home/starmarek/Desktop/Robot-z5-master/html/inherit_graph_0.png"'
sh: 1: dot: not found
error: Problems running dot: exit code=127, command='dot', arguments='"/home/starmarek/Desktop/Robot-z5-master/html/inherit_graph_3.dot" -Tpng -o "/home/starmarek/Desktop/Robot-z5-master/html/inherit_graph_3.png"'
sh: 1: dot: not found
error: Problems running dot: exit code=127, command='dot', arguments='"/home/starmarek/Desktop/Robot-z5-master/html/inherit_graph_6.dot" -Tpng -o "/home/starmarek/Desktop/Robot-z5-master/html/inherit_graph_6.png"'
error: problems opening map file /home/starmarek/Desktop/Robot-z5-master/html/lacze__do__gnuplota_8cpp__incl.map for inclusion in the docs!
If you installed Graphviz/dot after a previous failing run, 
try deleting the output directory and rerun doxygen.
error: problems opening map file /home/starmarek/Desktop/Robot-z5-master/html/lacze__do__gnuplota_8hh__incl.map for inclusion in the docs!
If you installed Graphviz/dot after a previous failing run, 
try deleting the output directory and rerun doxygen.
error: problems opening map file /home/starmarek/Desktop/Robot-z5-master/html/lacze__do__gnuplota_8hh__dep__incl.map for inclusion in the docs!
If you installed Graphviz/dot after a previous failing run, 
try deleting the output directory and rerun doxygen.
error: problems opening map file /home/starmarek/Desktop/Robot-z5-master/html/main_8cpp__incl.map for inclusion in the docs!
If you installed Graphviz/dot after a previous failing run, 
try deleting the output directory and rerun doxygen.
error: problems opening map file /home/starmarek/Desktop/Robot-z5-master/html/ObiektGraficzny_8cpp__incl.map for inclusion in the docs!
If you installed Graphviz/dot after a previous failing run, 
try deleting the output directory and rerun doxygen.
error: problems opening map file /home/starmarek/Desktop/Robot-z5-master/html/ObiektGraficzny_8hh__incl.map for inclusion in the docs!
If you installed Graphviz/dot after a previous failing run, 
try deleting the output directory and rerun doxygen.
error: problems opening map file /home/starmarek/Desktop/Robot-z5-master/html/ObiektGraficzny_8hh__dep__incl.map for inclusion in the docs!
If you installed Graphviz/dot after a previous failing run, 
try deleting the output directory and rerun doxygen.
error: problems opening map file /home/starmarek/Desktop/Robot-z5-master/html/Robot_8cpp__incl.map for inclusion in the docs!
If you installed Graphviz/dot after a previous failing run, 
try deleting the output directory and rerun doxygen.
error: problems opening map file /home/starmarek/Desktop/Robot-z5-master/html/Robot_8hh__incl.map for inclusion in the docs!
If you installed Graphviz/dot after a previous failing run, 
try deleting the output directory and rerun doxygen.
error: problems opening map file /home/starmarek/Desktop/Robot-z5-master/html/Robot_8hh__dep__incl.map for inclusion in the docs!
If you installed Graphviz/dot after a previous failing run, 
try deleting the output directory and rerun doxygen.
error: problems opening map file /home/starmarek/Desktop/Robot-z5-master/html/Scena_8cpp__incl.map for inclusion in the docs!
If you installed Graphviz/dot after a previous failing run, 
try deleting the output directory and rerun doxygen.
error: problems opening map file /home/starmarek/Desktop/Robot-z5-master/html/Scena_8hh__incl.map for inclusion in the docs!
If you installed Graphviz/dot after a previous failing run, 
try deleting the output directory and rerun doxygen.
error: problems opening map file /home/starmarek/Desktop/Robot-z5-master/html/Scena_8hh__dep__incl.map for inclusion in the docs!
If you installed Graphviz/dot after a previous failing run, 
try deleting the output directory and rerun doxygen.
error: problems opening map file /home/starmarek/Desktop/Robot-z5-master/html/Sciezka_8cpp__incl.map for inclusion in the docs!
If you installed Graphviz/dot after a previous failing run, 
try deleting the output directory and rerun doxygen.
error: problems opening map file /home/starmarek/Desktop/Robot-z5-master/html/Sciezka_8hh__incl.map for inclusion in the docs!
If you installed Graphviz/dot after a previous failing run, 
try deleting the output directory and rerun doxygen.
error: problems opening map file /home/starmarek/Desktop/Robot-z5-master/html/Sciezka_8hh__dep__incl.map for inclusion in the docs!
If you installed Graphviz/dot after a previous failing run, 
try deleting the output directory and rerun doxygen.
error: problems opening map file /home/starmarek/Desktop/Robot-z5-master/html/SWektor_8hh__incl.map for inclusion in the docs!
If you installed Graphviz/dot after a previous failing run, 
try deleting the output directory and rerun doxygen.
error: problems opening map file /home/starmarek/Desktop/Robot-z5-master/html/SWektor_8hh__dep__incl.map for inclusion in the docs!
If you installed Graphviz/dot after a previous failing run, 
try deleting the output directory and rerun doxygen.
error: problems opening map file /home/starmarek/Desktop/Robot-z5-master/html/Wektor2D_8hh__incl.map for inclusion in the docs!
If you installed Graphviz/dot after a previous failing run, 
try deleting the output directory and rerun doxygen.
error: problems opening map file /home/starmarek/Desktop/Robot-z5-master/html/Wektor2D_8hh__dep__incl.map for inclusion in the docs!
If you installed Graphviz/dot after a previous failing run, 
try deleting the output directory and rerun doxygen.
error: problems opening map file /home/starmarek/Desktop/Robot-z5-master/html/ZbiorWierzcholkow_8cpp__incl.map for inclusion in the docs!
If you installed Graphviz/dot after a previous failing run, 
try deleting the output directory and rerun doxygen.
error: problems opening map file /home/starmarek/Desktop/Robot-z5-master/html/ZbiorWierzcholkow_8hh__incl.map for inclusion in the docs!
If you installed Graphviz/dot after a previous failing run, 
try deleting the output directory and rerun doxygen.
error: problems opening map file /home/starmarek/Desktop/Robot-z5-master/html/ZbiorWierzcholkow_8hh__dep__incl.map for inclusion in the docs!
If you installed Graphviz/dot after a previous failing run, 
try deleting the output directory and rerun doxygen.
error: problems opening map file /home/starmarek/Desktop/Robot-z5-master/html/classObiektGraficzny__inherit__graph.map for inclusion in the docs!
If you installed Graphviz/dot after a previous failing run, 
try deleting the output directory and rerun doxygen.
error: problems opening map file /home/starmarek/Desktop/Robot-z5-master/html/classObiektGraficzny__coll__graph.map for inclusion in the docs!
If you installed Graphviz/dot after a previous failing run, 
try deleting the output directory and rerun doxygen.
error: problems opening map file /home/starmarek/Desktop/Robot-z5-master/html/classRobot__inherit__graph.map for inclusion in the docs!
If you installed Graphviz/dot after a previous failing run, 
try deleting the output directory and rerun doxygen.
error: problems opening map file /home/starmarek/Desktop/Robot-z5-master/html/classRobot__coll__graph.map for inclusion in the docs!
If you installed Graphviz/dot after a previous failing run, 
try deleting the output directory and rerun doxygen.
error: problems opening map file /home/starmarek/Desktop/Robot-z5-master/html/classRobot_a5fee7a53e5228e5abf0fdb399d36ff6c_cgraph.map for inclusion in the docs!
If you installed Graphviz/dot after a previous failing run, 
try deleting the output directory and rerun doxygen.
error: problems opening map file /home/starmarek/Desktop/Robot-z5-master/html/classRobot_a8a16f8744aa8d38dfe88216633ec0a90_cgraph.map for inclusion in the docs!
If you installed Graphviz/dot after a previous failing run, 
try deleting the output directory and rerun doxygen.
error: problems opening map file /home/starmarek/Desktop/Robot-z5-master/html/classRobot_a97732ffbe82011996c67efb27cb08402_cgraph.map for inclusion in the docs!
If you installed Graphviz/dot after a previous failing run, 
try deleting the output directory and rerun doxygen.
error: problems opening map file /home/starmarek/Desktop/Robot-z5-master/html/classScena__coll__graph.map for inclusion in the docs!
If you installed Graphviz/dot after a previous failing run, 
try deleting the output directory and rerun doxygen.
error: problems opening map file /home/starmarek/Desktop/Robot-z5-master/html/classScena_a4b8ace65b32937b21e4ca7837b70d7b9_cgraph.map for inclusion in the docs!
If you installed Graphviz/dot after a previous failing run, 
try deleting the output directory and rerun doxygen.
error: problems opening map file /home/starmarek/Desktop/Robot-z5-master/html/classScena_ab4c786d9def8a483b9873c27b5bd7f13_cgraph.map for inclusion in the docs!
If you installed Graphviz/dot after a previous failing run, 
try deleting the output directory and rerun doxygen.
error: problems opening map file /home/starmarek/Desktop/Robot-z5-master/html/classSciezka__inherit__graph.map for inclusion in the docs!
If you installed Graphviz/dot after a previous failing run, 
try deleting the output directory and rerun doxygen.
error: problems opening map file /home/starmarek/Desktop/Robot-z5-master/html/classSciezka__coll__graph.map for inclusion in the docs!
If you installed Graphviz/dot after a previous failing run, 
try deleting the output directory and rerun doxygen.
error: problems opening map file /home/starmarek/Desktop/Robot-z5-master/html/classSciezka_a95e9a0c51da72e4bd4edcca9f9ea7de4_cgraph.map for inclusion in the docs!
If you installed Graphviz/dot after a previous failing run, 
try deleting the output directory and rerun doxygen.
error: problems opening map file /home/starmarek/Desktop/Robot-z5-master/html/classSciezka_a1bd5d92a611df435746d48568b8c11e1_cgraph.map for inclusion in the docs!
If you installed Graphviz/dot after a previous failing run, 
try deleting the output directory and rerun doxygen.
error: problems opening map file /home/starmarek/Desktop/Robot-z5-master/html/classSWektor__inherit__graph.map for inclusion in the docs!
If you installed Graphviz/dot after a previous failing run, 
try deleting the output directory and rerun doxygen.
error: problems opening map file /home/starmarek/Desktop/Robot-z5-master/html/classSWektor__coll__graph.map for inclusion in the docs!
If you installed Graphviz/dot after a previous failing run, 
try deleting the output directory and rerun doxygen.
error: problems opening map file /home/starmarek/Desktop/Robot-z5-master/html/classZbiorWierzcholkow__inherit__graph.map for inclusion in the docs!
If you installed Graphviz/dot after a previous failing run, 
try deleting the output directory and rerun doxygen.
error: problems opening map file /home/starmarek/Desktop/Robot-z5-master/html/classZbiorWierzcholkow__coll__graph.map for inclusion in the docs!
If you installed Graphviz/dot after a previous failing run, 
try deleting the output directory and rerun doxygen.
error: problems opening map file /home/starmarek/Desktop/Robot-z5-master/html/inherit_graph_0.map for inclusion in the docs!
If you installed Graphviz/dot after a previous failing run, 
try deleting the output directory and rerun doxygen.
error: problems opening map file /home/starmarek/Desktop/Robot-z5-master/html/inherit_graph_1.map for inclusion in the docs!
If you installed Graphviz/dot after a previous failing run, 
try deleting the output directory and rerun doxygen.
error: problems opening map file /home/starmarek/Desktop/Robot-z5-master/html/inherit_graph_2.map for inclusion in the docs!
If you installed Graphviz/dot after a previous failing run, 
try deleting the output directory and rerun doxygen.
error: problems opening map file /home/starmarek/Desktop/Robot-z5-master/html/inherit_graph_3.map for inclusion in the docs!
If you installed Graphviz/dot after a previous failing run, 
try deleting the output directory and rerun doxygen.
error: problems opening map file /home/starmarek/Desktop/Robot-z5-master/html/inherit_graph_4.map for inclusion in the docs!
If you installed Graphviz/dot after a previous failing run, 
try deleting the output directory and rerun doxygen.
error: problems opening map file /home/starmarek/Desktop/Robot-z5-master/html/inherit_graph_5.map for inclusion in the docs!
If you installed Graphviz/dot after a previous failing run, 
try deleting the output directory and rerun doxygen.
error: problems opening map file /home/starmarek/Desktop/Robot-z5-master/html/inherit_graph_6.map for inclusion in the docs!
If you installed Graphviz/dot after a previous failing run, 
try deleting the output directory and rerun doxygen.
